// Jest Snapshot v1, https://goo.gl/fbAQLP

exports[`AppHeader component tests renders correctly with default props 1`] = `
<View
  style={
    Object {
      "alignItems": "center",
      "backgroundColor": "#2089dc",
      "borderBottomColor": "#f2f2f2",
      "borderBottomWidth": 0.5,
      "flexDirection": "row",
      "justifyContent": "space-between",
      "paddingHorizontal": 10,
      "paddingVertical": 10,
    }
  }
  testID="headerContainer"
>
  <RNCSafeAreaView
    edges={
      Array [
        "left",
        "top",
        "right",
      ]
    }
    style={
      Object {
        "flexDirection": "row",
        "width": "100%",
      }
    }
  >
    <View
      style={
        Object {
          "alignItems": "flex-start",
          "flex": 1,
        }
      }
    />
    <View
      style={
        Object {
          "alignItems": "center",
          "flex": 3,
        }
      }
    >
      <Text
        numberOfLines={1}
        style={
          Object {
            "color": "#fff",
            "fontFamily": "TitilliumWeb-Bold",
            "fontSize": 37,
            "paddingTop": 13,
          }
        }
        text="PAGOPA TEST"
      >
        PAGOPA TEST
      </Text>
    </View>
    <View
      style={
        Object {
          "alignItems": "flex-end",
          "flex": 1,
        }
      }
    >
      <View
        style={
          Object {
            "display": "flex",
            "flexDirection": "row",
            "fontFamily": "TitilliumWeb-Bold",
            "paddingTop": 13,
          }
        }
      >
        <View
          accessible={true}
          collapsable={false}
          focusable={true}
          onClick={[Function]}
          onResponderGrant={[Function]}
          onResponderMove={[Function]}
          onResponderRelease={[Function]}
          onResponderTerminate={[Function]}
          onResponderTerminationRequest={[Function]}
          onStartShouldSetResponder={[Function]}
          style={
            Object {
              "opacity": 1,
            }
          }
          testID="sortButton"
        >
          <View
            style={
              Object {
                "overflow": "hidden",
              }
            }
            testID="RNE__ICON__CONTAINER"
          >
            <View
              accessibilityRole="button"
              android_ripple={
                Object {
                  "borderless": false,
                  "color": "rgba(0, 0, 0, 0.3)",
                  "radius": -5,
                }
              }
              disabled={false}
              testID="RNE__ICON__CONTAINER_ACTION"
            >
              <View
                style={
                  Object {
                    "alignItems": "center",
                    "backgroundColor": "transparent",
                    "justifyContent": "center",
                  }
                }
                testID="RNE__ICON"
              >
                <Text
                  allowFontScaling={false}
                  selectable={false}
                  style={
                    Array [
                      Object {
                        "color": "white",
                        "fontSize": 32,
                      },
                      Object {
                        "backgroundColor": "transparent",
                      },
                      Object {
                        "fontFamily": "Material Icons",
                        "fontStyle": "normal",
                        "fontWeight": "normal",
                      },
                      Object {},
                    ]
                  }
                  testID="RNE__ICON__Component"
                >
                  î…¤
                </Text>
              </View>
            </View>
          </View>
          <Text
            style={
              Object {
                "color": "#fff",
                "fontFamily": "TitilliumWeb-Bold",
              }
            }
          >
             SORT
          </Text>
        </View>
      </View>
    </View>
  </RNCSafeAreaView>
</View>
`;
